border_size=1
usage=map

Ww          , Ww          , Ww          , Ww          , Ww          , Ww          , Ww          , Ww          , Ww          , Ww          , Ww          , Ww          , Ww          , Ww          , Ww          , Ww          , Ww          , Ww          , Ww          , Ww          , Ww          , Ww          , Ww          , Ww          , Ww          , Ww          , Ww          , Ww          , Ww          , Ww          , Ww          , Ww          , Ww          , Ww          , Ww          , Ww          , Ww          , Ww          , Ww          , Ww          , Ww          , Ww          
Ww          , Ww          , Ww          , Ww          , Ww          , Ww          , Ww          , Ww          , Ww          , Ww          , Ww          , Ww          , Ww          , Ww          , Ww          , Ww          , Mm          , Ww          , Ww          , Ww          , Ww          , Ww          , Ww          , Ww          , Ww          , Ww          , Ww          , Ww          , Ww          , Ww          , Ww          , Ww          , Ww          , Ww          , Ww          , Ww          , Ww          , Ww          , Ww          , Ww          , Ww          , Ww          
Ww          , Ww          , Ww          , Ww          , Ww          , Ww          , Ww          , Ww          , Ww          , Ww          , Mm          , Mm          , Mm          , Mm          , Mm          , Mm          , Mm          , Ww          , Mm          , Ww          , Ww          , Ww          , Ww          , Ww          , Ww          , Ww          , Ww          , Ww          , Ww          , Ww          , Ww          , Ww          , Ww          , Ww          , Ww          , Ww          , Ww          , Ww          , Ww          , Ww          , Ww          , Ww          
Ww          , Ww          , Ww          , Ww          , Ww          , Ww          , Ww          , Ww          , Ww          , Ww          , Mm          , Mm          , Mm          , Mm          , Mm          , Mm          , Mm          , Mm          , Ww          , Ww          , Ww          , Ww          , Ww          , Ww          , Ww          , Ww          , Ww          , Ww          , Ww          , Ww          , Ww          , Ww          , Ww          , Ww          , Ww          , Ww          , Ww          , Ww          , Ww          , Ww          , Ww          , Ww          
Ww          , Ww          , Ww          , Ww          , Ww          , Ww          , Ww          , Ww          , Mm          , Mm          , Mm          , Mm          , Ww          , Ww          , Ww          , Ww          , Ww          , Ww          , Ww          , Ww          , Ww          , Ww          , Ww          , Ww          , Ww          , Ww          , Ww          , Ww          , Ww          , Ww          , Ww          , Ww          , Ww          , Ww          , Ww          , Ww          , Ww          , Ww          , Ww          , Ww          , Ww          , Ww          
Ww          , Ww          , Ww          , Ww          , Ww          , Ww          , Ww          , Ww          , Ww          , Mm          , Mm          , Ww          , Ww          , Ww          , Ww          , Ww          , Ww          , Ww          , Ww          , Ww          , Ww          , Ww          , Ww          , Ww          , Ww          , Ww          , Ww          , Ww          , Ww          , Ww          , Ww          , Ww          , Ww          , Ww          , Ww          , Ww          , Mm          , Ww          , Ww          , Ww          , Ww          , Ww          
Ww          , Ww          , Ww          , Ww          , Ww          , Ww          , Ww          , Ww          , Mm          , Mm          , Ww          , Ww          , Ww          , Ww          , Ww          , Ww          , Ww          , Ww          , Ww          , Ww          , Ww          , Ww          , Ww          , Ww          , Ww          , Ww          , Ww          , Ww          , Ww          , Ww          , Ww          , Ww          , Ww          , Ww          , Ww          , Mm          , Mm          , Mm          , Ww          , Ww          , Ww          , Ww          
Ww          , Ww          , Ww          , Ww          , Ww          , Ww          , Ww          , Mm          , Mm          , Mm          , Ww          , Ww          , Ww          , Ww          , Ww          , Ww          , Ww          , Ww          , Ww          , Ww          , Ww          , Ww          , Ww          , Ww          , Ww          , Ww          , Ww          , Ww          , Ww          , Ww          , Ww          , Ww          , Ww          , Ww          , Ww          , Mm          , Mm          , Ww          , Ww          , Ww          , Ww          , Ww          
Ww          , Ww          , Ww          , Ww          , Ww          , Mm          , Mm          , Mm          , Mm          , Ww          , Ww          , Ww          , Ww          , Ww          , Ww          , Ww          , Ww          , Ww          , Ww          , Ww          , Ww          , Ww          , Ww          , Ww          , Ww          , Ww          , Ww          , Ww          , Ww          , Ww          , Ww          , Ww          , Ww          , Ww          , Mm          , Mm          , Ww          , Ww          , Ww          , Ww          , Ww          , Ww          
Ww          , Ww          , Ww          , Ww          , Ww          , Mm          , Ww          , Mm          , Ww          , Ww          , Ww          , Ww          , Ww          , Ww          , Ww          , Ww          , Ww          , Ww          , Ww          , Ww          , Ww          , Ww          , Ww          , Ww          , Ww          , Ww          , Ww          , Ww          , Ww          , Ww          , Ww          , Ww          , Ww          , Ww          , Ww          , Ww          , Mm          , Mm          , Mm          , Mm          , Ww          , Ww          
Ww          , Ww          , Ww          , Ww          , Ww          , Ww          , Ww          , Ww          , Ww          , Ww          , Ww          , Ww          , Ww          , Ww          , Ww          , Ww          , Ww          , Ww          , Ww          , Ww          , Ww          , Ww          , Ww          , Ww          , Ww          , Ww          , Ww          , Ww          , Ww          , Ww          , Ww          , Ww          , Ww          , Ww          , Ww          , Mm          , Mm          , Mm          , Mm          , Ww          , Ww          , Ww          
Ww          , Ww          , Ww          , Ww          , Ww          , Ww          , Ww          , Ww          , Ww          , Ww          , Ww          , Ww          , Ww          , Ww          , Ww          , Ww          , Ww          , Ww          , Ww          , Ww          , Ww          , Ww          , Ww          , Ww          , Ww          , Ww          , Ww          , Ww          , Ww          , Ww          , Ww          , Ww          , Ww          , Ww          , Ww          , Mm          , Mm          , Mm          , Mm          , Mm          , Ww          , Ww          
Ww          , Ww          , Ww          , Ww          , Ww          , Ww          , Ww          , Ww          , Ww          , Ww          , Ww          , Ww          , Ww          , Ww          , Ww          , Ww          , Ww          , Ww          , Ww          , Ww          , Ww          , Ww          , Ww          , Ww          , Ww          , Ww          , Wwr         , Ww          , Ww          , Ww          , Ww          , Ww          , Ww          , Ww          , Ww          , Ww          , Ww          , Mm          , Mm          , Mm          , Ww          , Ww          
Ww          , Ww          , Ww          , Ww          , Ww          , Ww          , Ww          , Ww          , Ww          , Ww          , Ww          , Ww          , Ww          , Ww          , Ww          , Ww          , Ww          , Ww          , Ww          , Ww          , Ww          , Ww          , Ww          , Ww          , Ww          , Ww          , Ww          , Ww          , Ww          , Ww          , Ww          , Ww          , Ww          , Ww          , Ww          , Ww          , Ww          , Ww          , Ww          , Ww          , Ww          , Ww          
Ww          , Ww          , Ww          , Ww          , Ww          , Ww          , Ww          , Ww          , Ww          , Ww          , Ww          , Ww          , Ww          , Ww          , Ww          , Ww          , Ww          , Ww          , Ww^Bw|      , Ww          , Ww          , Ww          , Wwr         , Ww          , Ww          , Ww          , Wwf         , Ww          , Ww          , Ww          , Ww          , Ww          , Ww          , Ww          , Ww          , Ww          , Ww          , Ww          , Ww          , Ww          , Ww          , Ww          
Ww          , Ww          , Ww          , Ww          , Ww          , Ww          , Wwr         , Ww          , Ww          , Ww          , Ww          , Ww          , Ww          , Ww          , Ww          , Wwr         , Ww          , Ww          , Ww^Bw|      , Ww          , Ww          , Ww          , Ww          , Ww          , Wwf         , Wwf         , Ch          , Wwf         , Wwf         , Ww          , Ww          , Ww          , Ww          , Ww          , Ww          , Ww          , Wwr         , Ww          , Ww^Bw|      , Ww          , Ww          , Ww          
Ww          , Ww          , Ww          , Ww          , Ww          , Ww          , Ww          , Ww          , Ww^Bw|      , Ww          , Ww          , Ww          , Ww          , Ww          , Ww          , Ww          , Ww          , Ww          , Gg          , Ww          , Ww          , Ww          , Wwf         , Wwf         , Ch          , Ch          , Ch          , Ch          , Ch          , Wwf         , Wwf         , Ww          , Ww          , Ww^Bw|      , Ww          , Ww          , Ww          , Ww          , Ww^Bw|      , Ww          , Ww          , Ww          
Ds          , Ww          , Gs^Fds      , Ww          , Ds          , Ww          , Ww          , Ww          , Gg          , Ww          , Ww          , Ww          , Ww          , Ww          , Gs^Fds      , Ww          , Ds          , Gs^Fds      , Gg          , Ds          , Gg          , Gg          , Gs^Fds      , Wwf         , Ch          , Ch          , Kh          , Ch          , Ch          , Gs^Fds      , Gg          , Wwf         , Gg          , Ww^Bw|      , Ds          , Gg          , Ds          , Ww          , Gg          , Ww          , Ds          , Ds          
Gs^Fds      , Gs^Fds      , Gg          , Ds          , Gg          , Ds          , Gs^Fds      , Gg          , Gg          , Ds          , Gg          , Gg          , Gg          , Hh          , Gs^Fds      , Hh          , Gs^Vht      , Gg          , Gg          , Gg          , Re          , Gg          , Gg^Vl       , Hh          , Ch          , Ch          , Ch          , Ch          , Ch          , Rd          , Gg          , Gg          , Mm          , Gg          , Gg          , Gg          , Gs^Fds      , Mm          , Gs^Fds      , Gg          , Gg          , Gg          
Rd          , Rd          , Rd          , Gg          , Gg          , Gg          , Gg          , Gg          , Gg          , Gg          , Hh          , Mm          , Hh^Fms      , Gg          , Gg          , Gg          , Re          , Re          , Re          , Re          , Gs^Fds      , Re          , Re          , Re          , Rd          , Ch          , Ch          , Ch          , Rd          , Rd          , Gg          , Gs^Fds      , Hh^Fds      , Hh          , Gg          , Gg          , Gg^Vh       , Hh          , Gs^Fds      , Gg          , Gs^Fds      , Hh          
Rd          , Ce          , Ce          , Rd          , Rd          , Gg          , Gg          , Gg          , Gg          , Gs^Fds      , Hh^Vc       , Hh          , Gg          , Gg          , Hh          , Gs^Fds      , Re          , Gs^Fds      , Gg          , Gg          , Gg          , Gg          , Gg          , Gg          , Rd          , Rd          , Rr          , Rd          , Rd          , Gg          , Hh          , Gg          , Gg          , Gg          , Gg          , Gg          , Gg          , Gg          , Gg          , Gg          , Gg          , Mm          
Rd          , Ce          , Ke          , Ce          , Rd          , Gg          , Gg          , Gg          , Gg          , Gg          , Gg          , Re          , Re          , Re          , Re          , Re          , Gg          , Gg          , Gg          , Gg          , Gg         , Hh          , Gg          , Gg          , Rd          , Ch          , Rr          , Ch          , Rd          , Gg          , Gs^Fds      , Gg          , Gg          , Gg          , Gg          , Gg          , Gg          , Gg          , Gg          , Gg          , Gg          , Gg          
Rd          , Ce          , Ce          , Ce          , Rd          , Gg          , Gg          , Gg          , Ww          , Gg          , Gg          , Gg          , Gg          , Gg          , Re          , Re^Vct      , Gg          , Gg          , Gg         , Gg^Fet      , Gg          , Gg          , Rd          , Rd          , Rr          , Rd          , Rr          , Rd          , Gg          , Gg          , Gg^Vc       , Gg          , Gg          , Gg          , Gg          , Gg          , Gg          , Gg          , Gg          , Gg          , Rd          , Gs^Fds      
Rd          , Ce          , Ke          , Ce          , Rd          , Gg          , Ww          , Ww          , Ww          , Ds          , Gg          , Gg          , Gg          , Re          , Gs^Fds      , Gg          , Hh          , Gg          , Gg          , Gg         , Gg          , Rd          , Rr          , Rr          , Rd          , Rr          , Rd          , Rd          , Gg          , Gg          , Gg          , Gg          , Gg          , Gg          , Gg          , Gg^Vl       , Gg          , Gg          , Rd          , Rd          , 4 Ke        , Rd          
Rd          , Ce          , Ce          , Ce          , Rd          , Gg          , Gs^Fds      , Ww          , Gg^Fet      , Gs^Fds      , Gg          , Gg          , Re          , Re          , Hh          , Gs^Fds      , Gs^Fds      , Gg          , Gg          , Gg          , Ch          , Rd          , Rr          , Rd          , Ch          , Rd          , Gg          , Gg          , Gg          , Gg          , Gg          , Gg          , Gg          , Gg          , Gg          , Gs^Fds      , Gg          , Rd          , Ce          , Ce          , Ce          , Rd          
Rd          , Rd          , Rd          , Rd          , Gg          , Gg          , Gg          , Gg         , Gg         , Gg         , Gg          , Re          , Gg^Vo       , Re          , Re          , Gs^Fds      , Gg          , Gg          , Gg          , Gg          , Rd          , Rd          , Rr          , Rd          , Rd          , Gg          , Gg          , Gg          , Gg          , Gs^Fds      , Gg^Ve       , Gg          , Gg          , Gg          , Gg          , Gg          , Gg          , Rd          , Ce          , Ce          , Ce          , Rd          
Rd          , 1 Ch        , Rd          , Rd          , Rd          , Gg          , Rd          , Gg          , Gg          , Gg          , Gg          , Gs^Fds      , Hh          , Gs^Fds      , Re          , Re          , Gg          , Ch          , Rd          , Rd          , Rp^Vhc      , Rr          , Rd          , Rr          , Rp^Vhc      , Rd          , Rd          , Ch          , Gg          , Hh          , Gs^Fds      , Gg          , Gg          , Gg          , Gg          , Gg          , Gg          , Rd          , Rd          , Ce          , Rd          , Rd          
Rr          , 3 Rr        , Rr          , Rr          , Rr          , Rd          , Rr          , Rd          , Rd          , Rd          , Rd          , Gg          , Rd          , Re          , Gg          , Gg          , Rd          , Rd          , Rp^Vhc      , Rr          , Rd          , Rd          , Wwf         , Rd          , Rd          , Rr          , Rp^Vhc      , Rd          , Rd          , Gg          , Gg          , Gg          , Gg          , Gs^Fds      , Gg          , Gg          , Gg          , Gs^Vht      , Gg          , Rd          , Rd          , Rd          
Rd          , 2 Ch        , Rd          , Rd          , Rd          , Rr          , Rd          , Rr          , Rr          , Rr          , Rr          , Rd          , Rr          , Rd          , Rd          , Ch          , Rd          , Rr          , Rr          , Rd          , Wwf         , Wwf         , Wwf         , Wwf         , Wwf         , Rd          , Rr          , Rr          , Rd          , Ch          , Rd          , Rd          , Rd          , Gg          , Rd          , Gg          , Rd          , Gg          , Rd          , Rd          , Ch          , Rd          
Rd          , Rd          , Ce          , Rd          , Rd          , Rd          , Gg          , Rd          , Rd          , Rd          , Rd          , Rr          , Rd          , Rr          , Rr          , Rd          , Rr          , Rp^Vhc      , Rr          , Rd          , Wwf         , Ch          , Kh          , Ch          , Wwf         , Rd          , Rr          , Rp^Vhc      , Rr          , Rd          , Rr          , Rr          , Rr          , Rd          , Rr          , Rd          , Rr          , Rd          , Rr          , Rd          , Rr          , Rr          
Rd          , Ke          , Ce          , Ce          , Rd          , Gg          , Re^Gvs      , Gg          , Gg          , Gg          , Gg          , Rd          , Gg          , Rd          , Rd          , Rr          , Rd          , Rr          , Rr          , Rd          , Wwf         , Wwf         , Kh          , Wwf         , Wwf         , Rd          , Rr          , Rr          , Rd          , Rr          , Rd          , Rd          , Rd          , Rr          , Rd          , Rr          , Rd          , Rr          , Rd          , Rr          , Ch          , Rd          
Rd          , Ce          , Ce          , Ce          , Rd          , Gg          , Re^Gvs      , Re^Gvs      , Gg          , Gg          , Gg          , Gg          , Gg          , Gg          , Rd          , Ch          , Rd          , Rp^Vhc      , Rr          , Rd          , Wwf         , Ch          , Wwf         , Ch          , Wwf         , Rd          , Rr          , Rp^Vhc      , Rd          , Ch          , Rd          , Gg          , Gg          , Rd          , Gg          , Rd          , Gg          , Rd          , Gg          , Rd          , Rd          , Rd          
Gs^Fp       , Rd          , Rd          , Rd          , Gg          , Gg          , Gg^Vc       , Re^Gvs      , Gg          , Gg          , Hh          , Wwf         , Wwf         , Gg          , Gg          , Rd          , Rd          , Rr          , Rp^Vhc      , Rd          , Rd          , Wwf         , Wwf         , Wwf         , Rd          , Rd          , Rp^Vhc      , Rr          , Rd          , Rd          , Gg          , Gs^Fp       , Gs^Vht      , Gg          , Gs^Fp       , Gg          , Gs^Fp       , Gg          , Re          , Gg          , Gg          , Gs^Fp       
Gg          , Gg          , Gg          , Gg          , Gg          , Re^Gvs      , Re^Gvs      , Re^Gvs      , Gg          , Gg          , Gs^Fp       , Ww          , Gs^Fp       , Wwf         , Gg          , Gg          , Gs^Fp       , Rd          , Rd          , Rr          , Rp^Vhc      , Rd          , Rd          , Rd          , Rp^Vhc      , Rr          , Rd          , Rd          , Gs^Fp       , Gg          , Re          , Re          , Re          , Re          , Gg          , Gs^Fp       , Hh          , Re          , Gg^Vl       , Gg          , Ss          , Ss          
Gg          , Gg          , Gg          , Gg          , Gg          , Re^Gvs      , Gg          , Gg          , Re^Gvs      , Gg          , Wwf         , Ww          , Gs^Fp       , Ww          , Wwf         , Gg          , Gg          , Ch          , Gg          , Rd          , Rd          , Rr          , Rr          , Rr          , Rd          , Rd          , Gg          , Ch          , Gg          , Gg          , Re          , Gg          , Gg          , Gg          , Hh          , Gs^Fp       , Gg          , Re          , Re          , Gg          , Gs^Fp       , Ss          
Gg          , Gg          , Gg          , Gs^Fp       , Gg          , Gg          , Re^Gvs      , Re^Gvs      , Re^Gvs      , Gg          , Gg          , Gg          , Hh          , Gs^Fp       , Gg          , Gg          , Hh          , Gg          , Gg          , Gg          , Ch          , Rd          , Rr          , Rd          , Ch          , Gg          , Gg          , Gg          , Hh          , Gg          , Gg^Ve       , Re          , Re          , Re          , Re          , Gs^Fp       , Gg          , Gs^Fp       , Re          , Gs^Fp       , Gs^Fp       , Ss          
Gg          , Gg          , Gg          , Gg          , Gg          , Gg          , Gg          , Gg^Vl       , Re^Gvs      , Gg          , Gg          , Gg          , Gg          , Gg          , Gg          , Gg          , Gg          , Gs^Fp       , Gg          , Gg          , Gg          , Rd          , Rr          , Rd          , Gg          , Gg          , Ss          , Ss          , Gs^Fp       , Gs^Fp       , Re          , Re          , Gg          , Gg          , Gg          , Re          , Re          , Re          , Gs^Fp       , Re          , Re          , Gs^Fp       
Gg          , Gg          , Gg          , Gg          , Gg          , Gg          , Gg          , Gg          , Gg          , Gg          , Gg          , Gg          , Re^Gvs      , Gg          , Gg          , Gg          , Gg          , Gg          , Gg          , Gg          , Gs^Vht      , Rd          , Rr          , Rd          , Gg          , Gg          , Gs^Fp       , Ss          , Gg          , Re          , Gg^Vc       , Gg          , Gg          , Gs^Fp       , Gs^Fp       , Gs^Fp       , Re          , Gs^Fp       , Ss          , Gs^Fp       , Re          , Gs^Fp       
Gs^Fp       , Gg          , Gg          , Gg          , Re^Gvs      , Gg          , Gg          , Gg          , Gg          , Gg          , Gg          , Re^Gvs      , Re^Gvs      , Gg^Vo       , Re^Gvs      , Gg          , Gg          , Gg          , Gs^Fp       , Gg          , Gg          , Rd          , Rr          , Rd          , Gg          , Re          , Re          , Hh^Fdf      , Re          , Re          , Re          , Gg          , Hh          , Ss          , Gs^Fp       , Re          , Ce          , 5 Ke        , Ce          , Re          , Gs^Fp       , Gs^Fp       
Hh          , Gg          , Gg          , Re^Gvs      , Gg^Vh       , Re^Gvs      , Gg          , Gg          , Gg          , Gg          , Gg          , Gg          , Gg          , Re^Gvs      , Gg          , Gg          , Gg          , Gg          , Gg          , Gg          , Rd          , Rd          , Rr          , Rd          , Rd          , Gg^Ve       , Re          , Re          , Hh^Fp       , Hh          , Gs^Fp       , Re          , Re          , Gs^Fp       , Re          , Re          , Ce          , Ce          , Ce          , Re          , Gs^Fp       , Gs^Fp       
Mm          , Gs^Fp       , Gg          , Gg          , Gg          , Re^Gvs      , Gg          , Gg          , Hh          , Gs^Fp       , Hh          , Gg          , Gg          , Gg          , Gg          , Gg          , Hh          , Gg          , Gg          , Gg          , Rd          , Ch          , Rr          , Ch          , Rd          , Gg          , Gs^Fp       , Gs^Fp       , Ss          , Mm          , Gs^Fp       , Gs^Fp       , Gs^Fp       , Re          , Gs^Fp       , Re          , Gs^Fp       , Ce          , Gs^Fp       , Gs^Fp       , Ss          , Ss          
Mm          , Mm          , Hh          , Gg          , Gg          , Gg          , Gs^Fp       , Gs^Fp       , Hh          , Mm          , Hh          , Gs^Fp       , Hh          , Gg          , Gg          , Hh          , Gs^Fp       , Gs^Fp       , Gs^Fp       , Gg          , Gg          , Rd          , Rr          , Rd          , Gg          , Gg          , Ss          , Ss          , Ss          , Ss          , Ss          , Ss          , Gs^Fp       , Gs^Fp       , Re          , Re          , Gs^Fp       , Gs^Fp       , Gs^Fp       , Ss          , Gs^Fp       , Gs^Fp       
