border_size=1
usage=map

Gs^Fds      , Gg          , Gg          , Gg          , Gg          , Gg          , Gg          , Gg          , Rd          , Rd          , Rd          , Gg          , Gg          , Gg          , Gg          , Gg          , Gg          , Gg          , Gs^Fds      
Gs^Fds      , Gg          , Gg          , Gg          , Gg          , Gg          , Gg          , Ch          , 2 Rd        , Ch          , 3 Rd        , Ch          , Gg          , Gg          , Gg          , Gg          , Gg          , Gg          , Gs^Fds      
Gs^Fds      , Gg          , Gg          , Gg          , Gg          , Gg          , Gg          , Gg          , Rd          , 1 Rd        , Rd          , Gg          , Gg          , Gg          , Gg          , Gg          , Gg          , Gg          , Gs^Fds      
Gs^Fds      , Gg          , Gg          , Gg          , Gg          , Gg          , Gg          , Gg          , Ch          , Rd          , Ch          , Gg          , Gg          , Gg          , Gg          , Gg          , Gg          , Gg          , Gs^Fds      
Gs^Fds      , Gg          , Gg          , Gg          , Gg          , Gg          , Gg          , Gg          , Ww          , Ww^Bw|      , Ww          , Gg          , Gg          , Gg          , Gg          , Gg          , Gg          , Gg          , Gs^Fds      
Gs^Fds      , Gg          , Gg          , Gg          , Gg          , Gg          , Ww          , Ww          , Kh          , Ww^Bw|      , Kh          , Ww          , Ww          , Gg          , Gg          , Gg          , Gg          , Gg          , Gs^Fds      
Rd          , Gg          , Ch          , Gg          , Gg          , Ww          , Ch          , Ch          , Rr          , Rr          , Rr          , Ch          , Ch          , Ww          , Gg          , Gg          , Gg          , Gg          , Gs^Fds      
Gs^Fds      , Rd          , Rd          , Gg          , Ch          , Ww          , Ch          , Gg^Ve       , Ggf         , Ggf         , Ggf         , Gg^Ve       , Ch          , Ww          , Gg          , Gg          , Gg          , Gg          , Gs^Fds      
Gs^Fds      , Gg          , Ch          , Rd          , Rd          , Ww          , Kh          , Ggf         , Cv          , Cv          , Cv          , Ggf         , Kh          , Ww          , Gg          , Gg          , Gg          , Gg          , Gs^Fds      
Gs^Fds      , Gg          , Gg          , Gg          , Ch          , Ww^Bw\      , Rr          , Ggf         , Cv          , 5 Kv        , Cv          , Ggf         , Rr          , Ww          , Ch          , Gg          , Gg          , Gg          , Gs^Fds      
Gs^Fds      , Gg          , Gg          , Gg          , Gg          , Ww          , Kh          , Ggf         , Cv          , 4 Kv        , Cv          , Ggf         , Kh          , Ww^Bw\      , Rd          , Gg          , Ch          , Gg          , Gs^Fds      
Gs^Fds      , Gg          , Gg          , Gg          , Gg          , Ww          , Ch          , Ggf         , Ggf         , Cv          , Ggf         , Ggf         , Ch          , Ww          , Ch          , Rd          , Rd          , Gg          , Gs^Fds      
Gs^Fds      , Gg          , Gg          , Gg          , Gg          , Ww          , Ch          , Gg^Ve       , Rr          , Ggf         , Rr          , Gg^Ve       , Ch          , Ww          , Gg          , Gg          , Ch          , Rd          , Rd          
Gs^Fds      , Gg          , Gg          , Gg          , Gg          , Ww          , Ww          , Ch          , Kh          , Rr          , Kh          , Ch          , Ww          , Ww          , Gg          , Gg          , Gg          , Gg          , Gs^Fds      
Gs^Fds      , Gg          , Gg          , Gg          , Gg          , Gg          , Gg          , Ww          , Ww          , Ww^Bw|      , Ww          , Ww          , Gg          , Gg          , Gg          , Gg          , Gg          , Gg          , Gs^Fds      
Gs^Fds      , Gg          , Gg          , Gg          , Gg          , Gg          , Gg          , Gg          , Ch          , Ww^Bw|      , Ch          , Gg          , Gg          , Gg          , Gg          , Gg          , Gg          , Gg          , Gs^Fds      
Gs^Fds      , Gg          , Gg          , Gg          , Gg          , Gg          , Gg          , Gg          , Rr          , Rr          , Rr          , Rp^Vhc      , Gg          , Gg          , Gg          , Gg          , Gg          , Gg          , Gs^Fds      
Gs^Fds      , Gg          , Gg          , Gg          , Gg          , Gg          , Rp^Vhc      , Rr          , Rr          , Rr          , Rr          , Rr          , Rr          , Gg          , Gg          , Gg          , Gg          , Gg          , Gs^Fds      
Gs^Fds      , Gg          , Ch          , Rp^Vhc      , Rr          , Rr          , Rr          , Rr          , Rp^Vhc      , Rr          , Rr          , Rp^Vhc      , Rr          , Rp^Vhc      , Rr          , Gg          , Ch          , Gg          , Gs^Fds      
Gs^Fds      , Gg          , Rr          , Rr          , Ch          , Rr          , Rr          , Rr          , Rr          , Rr          , Rr          , Rr          , Rr          , Rr          , Ch          , Rr          , Rr          , Gg          , Gs^Fds      
