border_size=1
usage=map

Wo          , Wo          , Wo          , Wo          , Wo          , Wo          , Wo          , Wo          , Wo          , Wo          , Wo          , Wo          , Gg          , Gg          , Gg          , Gg          , Gg          , Gg          , Rd          , Gg          , Gg          , Gg          , Gg          , Gg          , Gg          , Hh          , Hh          , Hh          , Hh          , Hh          , Mm          , Hh          , Wo          , Mm          , Wo          , Mm^Xm       , Mm^Xm       , Mm^Xm       
Wo          , Wo          , Wo          , Wo          , Wo          , Wo          , Wo          , Wo          , Wo          , Wo          , Wo          , Wo          , Wo          , Wo          , Wo          , Gg          , Wo          , Gg          , Wo^Bw|      , Gg          , Wo          , Gg          , Gg          , Gg          , Gg          , Hh          , Hh          , Hh          , Hh          , Mm          , Wo          , Wo          , Ha^Vhha     , Wo          , Ce          , Wo          , Wo          , Wo          
Wo          , Wo          , Wo          , Wo          , Wo          , Wo          , Wo          , Wo          , Wo          , Wo          , Wo          , Wo          , Gg          , Gg          , Gg          , Wo          , Gg          , Wo          , Rd          , Wo          , Gg          , Wo          , Wo          , Wo          , Wo          , Hh          , Wo          , Wo          , Wo          , Wo          , Ce          , Ce          , Mm          , Mm          , Ce          , Mm^Xm       , Mm^Xm       , Mm^Xm       
Wo          , Wo          , Wo          , Wo          , Wo          , Wo          , Wo          , Wo          , Wo          , Wo          , Ch          , Ch          , Ch          , Gg          , Gg          , Gg          , Gg          , Gg          , Rd          , Gg          , Gg          , Gg          , Gg          , Gg          , Gg          , Wo          , Hh          , Hh          , Mm          , Mm          , Ce          , 2 Ke        , Ce          , Hh          , Ce          , Mm^Xm       , Re          , Mm^Xm       
Wo          , Wo          , Wo          , Wo          , Wo          , Wo          , Wo          , Wo          , Wo          , Ch          , Ch          , 7 Kh        , Ch          , Gg          , Gg          , Gg          , Gg          , Gg          , Rd          , Hh          , Hh          , Gg          , Gg          , Gg          , Gs^Fp       , Gg          , Hh          , Hh          , Hh          , Ce          , Hh          , Ce          , Hh          , Mm          , Ce          , Re          , Mm^Xm       , Re          
Wo          , Wo          , Wo          , Wo          , Wo          , Wo          , Wo          , Wo          , Wo          , Wo          , Ch          , Ch          , Gg          , Gg          , Gg          , Gs^Fp       , Gg          , Gg          , Hh          , Rd          , Hh          , Gg          , Gg          , Gg          , Gg          , Gg          , Gg          , Hh          , Hh          , Hh          , 1 Ke        , Hh          , Hh          , 3 Ke        , Ce          , Ms^Vhha     , Ms          , Mm          
Wo          , Wo          , Wo          , Wo          , Wo          , Wo          , Wo          , Wo          , Wo          , Wo          , Ww^Vm       , Gg          , Gg          , Gg          , Gg          , Gg          , Gg          , Hh          , Hh          , Rd          , Hh          , Gg          , Gg          , Gg          , Gg          , Gg          , Re          , Gg          , Re          , Re          , Hh          , Ce          , Ce          , Hh          , Ce          , Ms          , Mm          , Mm          
Wo          , Wo          , Wo          , Wo          , Wo          , Wo          , Wo          , Wo          , Wo          , Wo          , Wo^Bw/      , Gg          , Gg          , Gg          , Gg          , Gg          , Gg          , Gg          , Hh          , Rd          , Rd          , Hh^Vc       , Gg          , Gg          , Re          , Re          , Re          , Re          , Gg          , Hh          , Hh          , Hh          , Ce          , Hh          , Hh          , Mm          , Hh          , Mm          
Wo          , Wo          , Wo          , Wo          , Wo          , Wo          , Wo          , Wo          , Ww          , Wo^Bw/      , Wo          , Wo          , Gg          , Gs^Vht      , Gg          , Gg          , Gg          , Gs^Fp       , Gg          , Hh          , Rd          , Re          , Re          , Re          , Gg          , Gg          , Gg          , Gg          , Gg          , Hh          , Hh^Vhh      , Hh          , Hh          , Ce          , Ce          , Ce          , Hh          , Hh          
Wo          , Wo          , Wo          , Wo          , Wo          , Wo          , Wo          , Wo          , Wo          , Wo          , Gg          , Gg          , Gg          , Gg          , Gg          , Gg          , Gg          , Gg          , Hh          , Hh          , Rd          , Hh          , Hh          , Hh          , Gg          , Gg          , Gs          , Gs^Fp       , Gg          , Hh          , Hh          , Hh          , Hh          , Hh          , Hh          , Hh          , Hh          , Hh          
Wo          , Wo          , Wo          , Wo          , Wo          , Wo          , Wo          , Wo          , Wo          , Wo          , Gg          , Gg          , Gg          , Gs^Fp       , Gg          , Gg          , Gg          , Gg          , Rd          , Rd          , Hh          , Hh          , Hh          , Gg          , Gg          , Gg          , Gs          , Gs          , Gg          , Hh          , Hh          , Hh          , Hh          , Hh          , Hh          , Hh          , Hh          , Hh          
Wo          , Wo          , Wo          , Wo          , Wo          , Wo          , Wo          , Wo          , Ds          , Ds          , Gg          , Gg          , Gg          , Gg          , Gg          , Gg          , Gg          , Gg          , Rd          , Gg          , Hh          , Hh          , Hh          , Hh          , Gg          , Gg          , Gg          , Gs          , Gs          , Gg          , Gg          , Hh          , Hh          , Hh          , Hh          , Hh          , Hh          , Hh          
Wo          , Wo          , Wo          , Wo          , Wo          , Wo          , Wo          , Wo          , Wwr         , Ds          , Ds          , Gg          , Gg          , Gg          , Gg          , Gg          , Rd          , Rd          , Gg          , Gg          , Gg          , Gg          , Gg          , Gs^Fp       , Gg          , Gg          , Gg          , Gs          , Gg          , Gg          , Gg          , Gg          , Gs^Fp       , Gg          , Gg          , Gg          , Gg          , Gg          
Wo          , Wo          , Wo          , Wo          , Wo          , Wo          , Wo          , Wo          , Wwr         , Ds          , Ds          , Gg          , Gg          , Gs^Fp       , Gg          , Gg          , Rd          , Gg          , Gg          , Gg          , Gg          , Gg          , Gs          , Gg          , Gs          , Gg          , Gg          , Gg          , Gg          , Gg          , Gg          , Gg          , Gg          , Gg          , Gs          , Gs          , Gg          , Gg          
Wo          , Wo          , Wo          , Wo          , Wo          , Wo          , Wo          , Wo          , Wo          , Wwr         , Gg          , Gg          , Gg          , Gg          , Gg          , Rd          , Gg          , Gg          , Gg          , Gg          , Gg^Ve       , Gg          , Gs          , Gs          , Gg          , Gg          , Gg          , Gg          , Hh^Vc       , Gg          , Gg          , Gg          , Gs          , Gs          , Gs          , Gs          , Gg          , Gg          
Wo          , Wo          , Wo          , Wo          , Wo          , Wo          , Wo          , Wo          , Wo          , Wo          , Gg          , Gg          , Gg          , Hh          , Hh          , Rd          , Hh          , Gg          , Gg          , Gg          , Gg          , Gg          , Gg          , Hh          , Gg          , Gs^Fp       , Gg          , Gg          , Gg          , Hh          , Hh          , Gg          , Gg          , Gs          , Gg          , Gg          , Gg          , Gg          
Wo          , Wo          , Wo          , Wo          , Wo          , Wo          , Wo          , Wo          , Wo          , Wo          , Gg          , Gg          , Gg          , Hh^Vc       , Hh          , Rd          , Hh          , Hh          , Gg          , Ch          , Ch          , Gg          , Hh          , Hh          , Hh          , Gg          , Gg          , Gg          , Hh          , Hh          , Hh          , Hh          , Gg          , Gg          , Gg          , Gg          , Gg          , Gg          
Wo          , Wo          , Wo          , Wo          , Wo          , Wo          , Wo          , Wo          , Ww^Bw/      , Ww^Bw/      , Gg          , Gg          , Gg          , Hh          , Hh          , Rd          , Rd          , Gg          , Gg          , Ch          , Ch          , Ch          , Hh          , Hh          , Hh          , Gg          , Gg          , Gg          , Hh          , Hh          , Hh          , Hh          , Gg          , Gg          , Gg          , Gg          , Gg          , Gg          
Wo          , Wo          , Wo          , Wo          , Wo          , Wo          , Wo          , Ww          , Wo          , Wo          , Gg          , Gg          , Gg          , Hh          , Gg          , Hh          , Gg          , Rd          , Rd          , Gg          , 6 Kh        , Ch          , Hh          , Hh          , Hh          , Gg          , Gg          , Gg          , Ggf         , Hh          , Hh          , Hh          , Hh          , Gg          , Gs^Fp       , Gg          , Gg          , Gg          
Wo          , Wo          , Wo          , Wo          , Wo          , Wo          , Wo          , Wo          , Wo          , Ds          , Gg          , Gg          , Gg          , Gg          , Gg          , Gg          , Gg          , Gg          , Gg          , Rd          , Gg          , Gg          , Hh          , Hh          , Hh          , Gg          , Hh^Vc       , Ggf         , Ww          , Ww          , Ww          , Hh          , Ggf         , Gg          , Ggf         , Gg          , Ggf         , Gg          
Wo          , Wo          , Wo          , Wo          , Wo          , Wo          , Wo          , Wo          , Wo          , Wo          , Ds          , Gg          , Ggf         , Gs^Fp       , Ggf         , Ggf         , Ggf         , Gs^Fp       , Gs^Fp       , Rd          , Hh          , Hh          , Hh          , Hh          , Hh          , Hh          , Ww          , Ds          , Ds          , Ww          , Ww          , Ww          , Ww          , Ggf         , Ww          , Ggf         , Ww          , Ggf         
Wo          , Wo          , Wo          , Wo          , Wo          , Wo          , Wo          , Wo          , Wo          , Wo          , Wo          , Ggf         , Ww          , Ggf         , Ww          , Ww          , Ww          , Ggf         , Ww          , Rd          , Ww          , Hh          , Ww          , Hh          , Ww          , Ww          , Ww          , Wo          , Wo          , Wo          , Wo          , Wo          , Ww          , Ww          , Ggf         , Ww          , Ggf         , Ww          
Wo          , Wo          , Wo          , Wo          , Wo          , Wo          , Wo          , Wo          , Wo          , Ww^Vm       , Gg          , Wo          , Ggf         , Ww          , Ggf         , Gs          , Ggf         , Ww          , Ggf         , Ww^Bw|      , Hh          , Ww          , Hh          , Ww          , Hh          , Hh          , Ww          , Wo          , Ww          , Wo          , Ww          , Wo          , Ww          , Ggf         , Gg          , Ggf         , Gg          , Ggf         
Wo          , Wo          , Wo          , Wo          , Wo          , Wo          , Wo          , Wo          , Wo          , Wwr         , Wwr         , Gg          , Gg          , Ggf         , Gg          , Gg          , Gg          , Ggf         , Gg          , Rd          , Hh          , Hh          , Hh          , Hh          , Hh          , Hh          , Hh          , Ww          , Ww          , Ww          , Ww          , Ww          , Hh          , Ggf         , Gs^Fp       , Gs^Fp       , Hh          , Gg          
Wo          , Wo          , Wo          , Wo          , Wo          , Wo          , Wo          , Wo          , Wo          , Wo          , Gg          , Gs          , Gs          , Gg          , Ggf         , Gg          , Hh          , Gg          , Rd          , Rd          , Gg          , Gg          , Gg          , Gg          , Gg          , Gg          , Gg          , Ggf         , Ggf         , Ww          , Ggf         , Hh          , Hh          , Hh          , Hh          , Hh          , Hh          , Gg          
Wo          , Wo          , Wo          , Wo          , Wo          , Wo          , Wo          , Wo          , Wo          , Wo          , Gg          , Gg          , Hh^Vc       , Hh          , Hh          , Hh          , Rd          , Rd          , Hh          , Gg          , Gg          , Gg          , Gg          , Gg          , Gg          , Gg          , Gg          , Gs^Fp       , Gg          , Ggf         , Gg          , Gg          , Hh          , Hh          , Hh          , Hh          , Ggf         , Gg          
Wo          , Wo          , Wo          , Wo          , Wo          , Wo          , Wo          , Wo          , Ww^Bw/      , Ww^Bw/      , Gg          , Gg          , Gg          , Hh          , Hh          , Hh          , Rd          , Hh          , Hh          , Gg          , Gg          , Gs          , Gs^Fp       , Gg          , Gg          , Gg          , Gg          , Gg          , Gg          , Gg          , Hh          , Hh          , Hh          , Hh          , Hh          , Hh          , Gg          , Gg          
Wo          , Wo          , Wo          , Wo          , Wo          , Wo          , Wo          , Ww          , Wo          , Wo          , Gg          , Gg          , Gs^Fp       , Hh          , Hh          , Hh          , Rd          , Hh          , Hh          , Hh          , Hh          , Gg          , Gg          , Gg          , Gg          , Gg^Vh       , Gg          , Gg          , Gg          , Gg          , Gg          , Hh          , Hh          , Hh          , Gg          , Gg          , Gg          , Gg          
Wo          , Wo          , Wo          , Wo          , Wo          , Wo          , Wo          , Wo          , Wo          , Ds          , Gg          , Gg          , Gg          , Gg          , Rd          , Rd          , Hh          , Hh^Vc       , Hh          , Hh          , Hh          , Gg          , Gg          , Gg^Vh       , Rp          , Rp          , Rp          , Gg^Vh       , Gg          , Gg          , Gg          , Gg          , Gg          , Gg          , Gs^Fp       , Gg          , Gs          , Gg          
Wo          , Wo          , Wo          , Wo          , Wo          , Wo          , Wo          , Wo          , Ds          , Ds          , Gg          , Gg          , Gg          , Hh          , Rd          , Hh          , Hh          , Hh          , Hh          , Hh          , Gg          , Gg          , Gg^Vh       , Rp          , Gg          , Gg          , Gg          , Rp          , Gg^Vh       , Gg          , Ggf         , Gg          , Gg          , Gg          , Gg          , Gg          , Gs          , Gg          
Wo          , Wo          , Wo          , Wo          , Wo          , Wo          , Wo          , Wo          , Wo          , Gg          , Gg          , Gs          , Gg          , Gg          , Rd          , Gg          , Gg          , Hh          , Gg          , Hh          , Gg          , Gg          , Gg          , Rp          , Rp          , Ggf         , Rp          , Rp          , Ggf         , Ggf         , Hh          , Hh          , Hh^Vc       , Gg          , Gg          , Gs          , Gs          , Gg          
Wo          , Wo          , Wo          , Wo          , Wo          , Wo          , Wo          , Wo          , Ww^Bw/      , Gg          , Gg          , Gg          , Gs^Fp       , Gg          , Gg          , Rd          , Rd          , Gg          , Gg          , Gg          , Gg          , Gs^Fp       , Gg          , Gg^Vh       , Gg          , Rp          , Gg          , Gg^Vh       , Gg          , Ggf         , Hh          , Hh          , Hh          , Hh          , Hh          , Gs          , Gg          , Gg          
Wo          , Wo          , Wo          , Wo          , Wo          , Wo          , Ww          , Wo^Bw/      , Wo          , Wo          , Wo          , Gg          , Gg          , Gg          , Gg          , Gg          , Gg          , Rd          , Gg          , Gg          , Gg          , Gg          , Gg          , Gg          , Gg          , Gg^Vh       , Gg          , Gg          , Gg          , Gs^Fp       , Hh          , Hh          , Hh          , Hh          , Hh          , Gg          , Gg          , Gg          
Wo          , Wo          , Wo          , Wo          , Wo          , Wo          , Wo          , Wo          , Wo          , Wo          , Ww^Vm       , Gg          , Ds          , Gg          , Gg          , Gs^Fp       , Hh          , Rd          , Hh          , Gg          , Gg          , Gg          , Gg          , Gg          , Gg          , Gg          , Gg          , Gg          , Gs          , Gs          , Gg          , Hh          , Hh          , Hh          , Hh          , Gg          , Gg          , Gg          
Wo          , Wo          , Wo          , Wo          , Wo          , Wo          , Wo          , Wo          , Wo          , Wo          , Wo          , Wo          , Ds          , Gg          , Hh          , Hh          , Hh          , Rd          , Hh          , Hh          , Hh          , Gg          , Gg          , Gg          , Gg          , Gg          , Gg          , Gg          , Gg          , Gs          , Ggf         , Gg          , Gg          , Hh          , Gg          , Gg          , Gs          , Gg          
Wo          , Wo          , Wo          , Wo          , Wo          , Wo          , Wo          , Wo          , Wo          , Ds          , Ds          , Wo          , Ds          , Gg          , Hh          , Hh          , Hh          , Rd          , Hh          , Hh          , Hh          , Gg          , Gg          , Gg          , Gg          , Gg          , Gg          , Gg          , Gg          , Ggf         , Gs^Fp       , Gg          , Hh          , Gg          , Gg          , Gs          , Gs          , Gg          
Wo          , Wo          , Wo          , Wo          , Wo          , Wo          , Wo          , Wo          , Wo          , Gg          , Ds          , Gg          , Gg          , Ggf         , Gg          , Hh          , Hh          , Rd          , Rd          , Rd          , Rd          , Gg          , Rd          , Gg          , Gs^Fp       , Gg          , Hh          , Gg          , Hh          , Hh          , Hh          , Hh          , Hh          , Hh          , Gs^Fp       , Gs          , Gg          , Gg          
Wo          , Wo          , Wo          , Wo          , Wo          , Wo          , Wo          , Wo          , Wo          , Wo          , Ds          , Gg          , Wo          , Gg          , Gg          , Gg          , Hh          , Hh^Vc       , Hh          , Hh          , Gg          , Rd          , Gg          , Rd          , Hh          , Hh          , Hh          , Hh          , Hh          , Hh          , Hh          , Hh          , Hh          , Hh          , Gg          , Gg          , Gg          , Gg          
Wo          , Wo          , Wo          , Wo          , Wwr         , Ww^Vm       , Wwr         , Wo          , Wo          , Wo          , Wo          , Wo          , Wo          , Gg          , Gg          , Gg          , Gg          , Hh          , Gg          , Gg          , Ch          , Ggf         , Gg          , Rd          , Rd          , Hh          , Rd          , Hh          , Hh          , Hh^Vc       , Hh          , Hh          , Ch          , Ch          , Ch          , Gg          , Gg          , Gg          
Wwr         , Wo          , Wwr         , Wwr         , Wwr         , Wwr         , Wwr         , Wwr         , Wo          , Wo          , Wo          , Wo          , Wo          , Wo          , Gg          , Gs^Fp       , Gs          , Gg          , Gg          , Ch          , 4 Kh        , Ch          , Gg          , Hh          , Hh          , Rd          , Hh          , Rd          , Rd          , Hh          , Hh          , Hh          , Ch          , 5 Kh        , Ch          , Gg          , Gg          , Gg          
Wwr         , Wwr         , Wwr         , Wwr         , Wwr         , Wwr         , Wwr         , Wwr         , Wwr         , Wo          , Wo          , Wo          , Wo          , Wo          , Gg          , Gg          , Gg          , Gg          , Gg          , Ch          , Ch          , Ch          , Gg          , Gg          , Gs^Fp       , Gg          , Gg          , Gg          , Rd          , Gg          , Gg          , Gg          , Gg          , Ch          , Gg          , Gg          , Gg          , Gg          
Wwr         , Wwr         , Wwr         , Wwr         , Wwr         , Wwr         , Wwr         , Wwr         , Wwr         , Wo          , Wo          , Wo          , Wo          , Wo          , Gg          , Gg          , Gg          , Gg          , Gg          , Gg          , Gg          , Gg          , Gg          , Gg          , Gg          , Gg          , Rd          , Rd          , Gg          , Gg          , Gg          , Gg          , Gg          , Gg          , Gg          , Gg          , Gg          , Gg          
